// Jest Snapshot v1, https://goo.gl/fbAQLP

exports[`WalletPage Actions loadTransactions should loadTransactions should create loadTransactions action 1`] = `
Object {
  "type": "dicoapp/WalletPage/LOAD_TRANSACTIONS",
}
`;
